Вводите каждое число с новой строки.
Номеров и клиентов: от 1 до 100. Время: от 1 до 10000 суток.
Количество номеров: Количество клиентов: Минимальный интервал прибытия: Максимальный интервал прибытия: Момент прекращения приёма: Задержка между условными сутками: Срок проживания: Срок проживания: Срок проживания: Срок проживания: Срок проживания: Срок проживания: Срок проживания: Срок проживания: Срок проживания: Срок проживания: Срок проживания: Срок проживания: Срок проживания: Срок проживания: Срок проживания: Срок проживания: Срок проживания: Срок проживания: Срок проживания: Срок проживания: Срок проживания: Срок проживания: Срок проживания: Срок проживания: Срок проживания: Срок проживания: Срок проживания: Срок проживания: Срок проживания: Срок проживания: Срок проживания: Срок проживания: Срок проживания: Срок проживания: Срок проживания: Срок проживания: Срок проживания: Срок проживания: Срок проживания: Срок проживания: Срок проживания: Срок проживания: Срок проживания: Срок проживания: Срок проживания: Срок проживания: Срок проживания: Срок проживания: Срок проживания: Срок проживания: Срок проживания: Срок проживания: Срок проживания: Срок проживания: Срок проживания: Срок проживания: Срок проживания: Срок проживания: Срок проживания: Срок проживания: Срок проживания: Срок проживания: Срок проживания: Срок проживания: Срок проживания: Срок проживания: Срок проживания: Срок проживания: Срок проживания: Срок проживания: Срок проживания: Срок проживания: Срок проживания: Срок проживания: Срок проживания: Срок проживания: Срок проживания: Срок проживания: Срок проживания: Срок проживания: Срок проживания: Срок проживания: Срок проживания: Срок проживания: Срок проживания: Срок проживания: Срок проживания: Срок проживания: Срок проживания: Срок проживания: Срок проживания: Срок проживания: Срок проживания: Срок проживания: Срок проживания: Срок проживания: Срок проживания: Срок проживания: Срок проживания: Срок проживания: 
Сутки 0
Прибыл клиент 1 и запрашивает номер на 1 суток.
Администратор заселил гостя №1 в номер 1 на 1 суток.
Прибыл клиент 2 и запрашивает номер на 1 суток.
Администратор заселил гостя №2 в номер 2 на 1 суток.
Прибыл клиент 3 и запрашивает номер на 1 суток.
Администратор заселил гостя №3 в номер 3 на 1 суток.
Прибыл клиент 4 и запрашивает номер на 1 суток.
Администратор заселил гостя №4 в номер 4 на 1 суток.
Прибыл клиент 5 и запрашивает номер на 1 суток.
Администратор заселил гостя №5 в номер 5 на 1 суток.
Прибыл клиент 6 и запрашивает номер на 1 суток.
Администратор заселил гостя №6 в номер 6 на 1 суток.
Прибыл клиент 7 и запрашивает номер на 1 суток.
Администратор заселил гостя №7 в номер 7 на 1 суток.
Прибыл клиент 8 и запрашивает номер на 1 суток.
Администратор заселил гостя №8 в номер 8 на 1 суток.
Прибыл клиент 9 и запрашивает номер на 1 суток.
Администратор заселил гостя №9 в номер 9 на 1 суток.
Прибыл клиент 10 и запрашивает номер на 1 суток.
Администратор заселил гостя №10 в номер 10 на 1 суток.
Прибыл клиент 11 и запрашивает номер на 1 суток.
Администратор заселил гостя №11 в номер 11 на 1 суток.
Прибыл клиент 12 и запрашивает номер на 1 суток.
Администратор заселил гостя №12 в номер 12 на 1 суток.
Прибыл клиент 13 и запрашивает номер на 1 суток.
Администратор заселил гостя №13 в номер 13 на 1 суток.
Прибыл клиент 14 и запрашивает номер на 1 суток.
Администратор заселил гостя №14 в номер 14 на 1 суток.
Прибыл клиент 15 и запрашивает номер на 1 суток.
Администратор заселил гостя №15 в номер 15 на 1 суток.
Прибыл клиент 16 и запрашивает номер на 1 суток.
Администратор заселил гостя №16 в номер 16 на 1 суток.
Прибыл клиент 17 и запрашивает номер на 1 суток.
Администратор заселил гостя №17 в номер 17 на 1 суток.
Прибыл клиент 18 и запрашивает номер на 1 суток.
Администратор заселил гостя №18 в номер 18 на 1 суток.
Прибыл клиент 19 и запрашивает номер на 1 суток.
Администратор заселил гостя №19 в номер 19 на 1 суток.
Прибыл клиент 20 и запрашивает номер на 1 суток.
Администратор заселил гостя №20 в номер 20 на 1 суток.
Прибыл клиент 21 и запрашивает номер на 1 суток.
Администратор заселил гостя №21 в номер 21 на 1 суток.
Прибыл клиент 22 и запрашивает номер на 1 суток.
Администратор заселил гостя №22 в номер 22 на 1 суток.
Прибыл клиент 23 и запрашивает номер на 1 суток.
Администратор заселил гостя №23 в номер 23 на 1 суток.
Прибыл клиент 24 и запрашивает номер на 1 суток.
Администратор заселил гостя №24 в номер 24 на 1 суток.
Прибыл клиент 25 и запрашивает номер на 1 суток.
Администратор заселил гостя №25 в номер 25 на 1 суток.
Прибыл клиент 26 и запрашивает номер на 1 суток.
Администратор заселил гостя №26 в номер 26 на 1 суток.
Прибыл клиент 27 и запрашивает номер на 1 суток.
Администратор заселил гостя №27 в номер 27 на 1 суток.
Прибыл клиент 28 и запрашивает номер на 1 суток.
Администратор заселил гостя №28 в номер 28 на 1 суток.
Прибыл клиент 29 и запрашивает номер на 1 суток.
Администратор заселил гостя №29 в номер 29 на 1 суток.
Прибыл клиент 30 и запрашивает номер на 1 суток.
Администратор заселил гостя №30 в номер 30 на 1 суток.
Прибыл клиент 31 и запрашивает номер на 1 суток.
Администратор заселил гостя №31 в номер 31 на 1 суток.
Прибыл клиент 32 и запрашивает номер на 1 суток.
Администратор заселил гостя №32 в номер 32 на 1 суток.
Прибыл клиент 33 и запрашивает номер на 1 суток.
Администратор заселил гостя №33 в номер 33 на 1 суток.
Прибыл клиент 34 и запрашивает номер на 1 суток.
Администратор заселил гостя №34 в номер 34 на 1 суток.
Прибыл клиент 35 и запрашивает номер на 1 суток.
Администратор заселил гостя №35 в номер 35 на 1 суток.
Прибыл клиент 36 и запрашивает номер на 1 суток.
Администратор заселил гостя №36 в номер 36 на 1 суток.
Прибыл клиент 37 и запрашивает номер на 1 суток.
Администратор заселил гостя №37 в номер 37 на 1 суток.
Прибыл клиент 38 и запрашивает номер на 1 суток.
Администратор заселил гостя №38 в номер 38 на 1 суток.
Прибыл клиент 39 и запрашивает номер на 1 суток.
Администратор заселил гостя №39 в номер 39 на 1 суток.
Прибыл клиент 40 и запрашивает номер на 1 суток.
Администратор заселил гостя №40 в номер 40 на 1 суток.
Прибыл клиент 41 и запрашивает номер на 1 суток.
Администратор заселил гостя №41 в номер 41 на 1 суток.
Прибыл клиент 42 и запрашивает номер на 1 суток.
Администратор заселил гостя №42 в номер 42 на 1 суток.
Прибыл клиент 43 и запрашивает номер на 1 суток.
Администратор заселил гостя №43 в номер 43 на 1 суток.
Прибыл клиент 44 и запрашивает номер на 1 суток.
Администратор заселил гостя №44 в номер 44 на 1 суток.
Прибыл клиент 45 и запрашивает номер на 1 суток.
Администратор заселил гостя №45 в номер 45 на 1 суток.
Прибыл клиент 46 и запрашивает номер на 1 суток.
Администратор заселил гостя №46 в номер 46 на 1 суток.
Прибыл клиент 47 и запрашивает номер на 1 суток.
Администратор заселил гостя №47 в номер 47 на 1 суток.
Прибыл клиент 48 и запрашивает номер на 1 суток.
Администратор заселил гостя №48 в номер 48 на 1 суток.
Прибыл клиент 49 и запрашивает номер на 1 суток.
Администратор заселил гостя №49 в номер 49 на 1 суток.
Прибыл клиент 50 и запрашивает номер на 1 суток.
Администратор заселил гостя №50 в номер 50 на 1 суток.
Прибыл клиент 51 и запрашивает номер на 1 суток.
Администратор заселил гостя №51 в номер 51 на 1 суток.
Прибыл клиент 52 и запрашивает номер на 1 суток.
Администратор заселил гостя №52 в номер 52 на 1 суток.
Прибыл клиент 53 и запрашивает номер на 1 суток.
Администратор заселил гостя №53 в номер 53 на 1 суток.
Прибыл клиент 54 и запрашивает номер на 1 суток.
Администратор заселил гостя №54 в номер 54 на 1 суток.
Прибыл клиент 55 и запрашивает номер на 1 суток.
Администратор заселил гостя №55 в номер 55 на 1 суток.
Прибыл клиент 56 и запрашивает номер на 1 суток.
Администратор заселил гостя №56 в номер 56 на 1 суток.
Прибыл клиент 57 и запрашивает номер на 1 суток.
Администратор заселил гостя №57 в номер 57 на 1 суток.
Прибыл клиент 58 и запрашивает номер на 1 суток.
Администратор заселил гостя №58 в номер 58 на 1 суток.
Прибыл клиент 59 и запрашивает номер на 1 суток.
Администратор заселил гостя №59 в номер 59 на 1 суток.
Прибыл клиент 60 и запрашивает номер на 1 суток.
Администратор заселил гостя №60 в номер 60 на 1 суток.
Прибыл клиент 61 и запрашивает номер на 1 суток.
Администратор заселил гостя №61 в номер 61 на 1 суток.
Прибыл клиент 62 и запрашивает номер на 1 суток.
Администратор заселил гостя №62 в номер 62 на 1 суток.
Прибыл клиент 63 и запрашивает номер на 1 суток.
Администратор заселил гостя №63 в номер 63 на 1 суток.
Прибыл клиент 64 и запрашивает номер на 1 суток.
Администратор заселил гостя №64 в номер 64 на 1 суток.
Прибыл клиент 65 и запрашивает номер на 1 суток.
Администратор заселил гостя №65 в номер 65 на 1 суток.
Прибыл клиент 66 и запрашивает номер на 1 суток.
Администратор заселил гостя №66 в номер 66 на 1 суток.
Прибыл клиент 67 и запрашивает номер на 1 суток.
Администратор заселил гостя №67 в номер 67 на 1 суток.
Прибыл клиент 68 и запрашивает номер на 1 суток.
Администратор заселил гостя №68 в номер 68 на 1 суток.
Прибыл клиент 69 и запрашивает номер на 1 суток.
Администратор заселил гостя №69 в номер 69 на 1 суток.
Прибыл клиент 70 и запрашивает номер на 1 суток.
Администратор заселил гостя №70 в номер 70 на 1 суток.
Прибыл клиент 71 и запрашивает номер на 1 суток.
Администратор заселил гостя №71 в номер 71 на 1 суток.
Прибыл клиент 72 и запрашивает номер на 1 суток.
Администратор заселил гостя №72 в номер 72 на 1 суток.
Прибыл клиент 73 и запрашивает номер на 1 суток.
Администратор заселил гостя №73 в номер 73 на 1 суток.
Прибыл клиент 74 и запрашивает номер на 1 суток.
Администратор заселил гостя №74 в номер 74 на 1 суток.
Прибыл клиент 75 и запрашивает номер на 1 суток.
Администратор заселил гостя №75 в номер 75 на 1 суток.
Прибыл клиент 76 и запрашивает номер на 1 суток.
Администратор заселил гостя №76 в номер 76 на 1 суток.
Прибыл клиент 77 и запрашивает номер на 1 суток.
Администратор заселил гостя №77 в номер 77 на 1 суток.
Прибыл клиент 78 и запрашивает номер на 1 суток.
Администратор заселил гостя №78 в номер 78 на 1 суток.
Прибыл клиент 79 и запрашивает номер на 1 суток.
Администратор заселил гостя №79 в номер 79 на 1 суток.
Прибыл клиент 80 и запрашивает номер на 1 суток.
Администратор заселил гостя №80 в номер 80 на 1 суток.
Прибыл клиент 81 и запрашивает номер на 1 суток.
Администратор заселил гостя №81 в номер 81 на 1 суток.
Прибыл клиент 82 и запрашивает номер на 1 суток.
Администратор заселил гостя №82 в номер 82 на 1 суток.
Прибыл клиент 83 и запрашивает номер на 1 суток.
Администратор заселил гостя №83 в номер 83 на 1 суток.
Прибыл клиент 84 и запрашивает номер на 1 суток.
Администратор заселил гостя №84 в номер 84 на 1 суток.
Прибыл клиент 85 и запрашивает номер на 1 суток.
Администратор заселил гостя №85 в номер 85 на 1 суток.
Прибыл клиент 86 и запрашивает номер на 1 суток.
Администратор заселил гостя №86 в номер 86 на 1 суток.
Прибыл клиент 87 и запрашивает номер на 1 суток.
Администратор заселил гостя №87 в номер 87 на 1 суток.
Прибыл клиент 88 и запрашивает номер на 1 суток.
Администратор заселил гостя №88 в номер 88 на 1 суток.
Прибыл клиент 89 и запрашивает номер на 1 суток.
Администратор заселил гостя №89 в номер 89 на 1 суток.
Прибыл клиент 90 и запрашивает номер на 1 суток.
Администратор заселил гостя №90 в номер 90 на 1 суток.
Прибыл клиент 91 и запрашивает номер на 1 суток.
Администратор заселил гостя №91 в номер 91 на 1 суток.
Прибыл клиент 92 и запрашивает номер на 1 суток.
Администратор заселил гостя №92 в номер 92 на 1 суток.
Прибыл клиент 93 и запрашивает номер на 1 суток.
Администратор заселил гостя №93 в номер 93 на 1 суток.
Прибыл клиент 94 и запрашивает номер на 1 суток.
Администратор заселил гостя №94 в номер 94 на 1 суток.
Прибыл клиент 95 и запрашивает номер на 1 суток.
Администратор заселил гостя №95 в номер 95 на 1 суток.
Прибыл клиент 96 и запрашивает номер на 1 суток.
Администратор заселил гостя №96 в номер 96 на 1 суток.
Прибыл клиент 97 и запрашивает номер на 1 суток.
Администратор заселил гостя №97 в номер 97 на 1 суток.
Прибыл клиент 98 и запрашивает номер на 1 суток.
Администратор заселил гостя №98 в номер 98 на 1 суток.
Прибыл клиент 99 и запрашивает номер на 1 суток.
Администратор заселил гостя №99 в номер 99 на 1 суток.
Прибыл клиент 100 и запрашивает номер на 1 суток.
Администратор заселил гостя №100 в номер 100 на 1 суток.

Сутки 1
Клиент 1 завершил 1 суток проживания из 1
Клиент 1 выехал с 1 комнаты
Клиент 2 завершил 1 суток проживания из 1
Клиент 2 выехал с 2 комнаты
Клиент 3 завершил 1 суток проживания из 1
Клиент 3 выехал с 3 комнаты
Клиент 4 завершил 1 суток проживания из 1
Клиент 4 выехал с 4 комнаты
Клиент 5 завершил 1 суток проживания из 1
Клиент 5 выехал с 5 комнаты
Клиент 6 завершил 1 суток проживания из 1
Клиент 6 выехал с 6 комнаты
Клиент 7 завершил 1 суток проживания из 1
Клиент 7 выехал с 7 комнаты
Клиент 8 завершил 1 суток проживания из 1
Клиент 8 выехал с 8 комнаты
Клиент 9 завершил 1 суток проживания из 1
Клиент 9 выехал с 9 комнаты
Клиент 10 завершил 1 суток проживания из 1
Клиент 10 выехал с 10 комнаты
Клиент 11 завершил 1 суток проживания из 1
Клиент 11 выехал с 11 комнаты
Клиент 12 завершил 1 суток проживания из 1
Клиент 12 выехал с 12 комнаты
Клиент 13 завершил 1 суток проживания из 1
Клиент 13 выехал с 13 комнаты
Клиент 14 завершил 1 суток проживания из 1
Клиент 14 выехал с 14 комнаты
Клиент 15 завершил 1 суток проживания из 1
Клиент 15 выехал с 15 комнаты
Клиент 16 завершил 1 суток проживания из 1
Клиент 16 выехал с 16 комнаты
Клиент 17 завершил 1 суток проживания из 1
Клиент 17 выехал с 17 комнаты
Клиент 18 завершил 1 суток проживания из 1
Клиент 18 выехал с 18 комнаты
Клиент 19 завершил 1 суток проживания из 1
Клиент 19 выехал с 19 комнаты
Клиент 20 завершил 1 суток проживания из 1
Клиент 20 выехал с 20 комнаты
Клиент 21 завершил 1 суток проживания из 1
Клиент 21 выехал с 21 комнаты
Клиент 22 завершил 1 суток проживания из 1
Клиент 22 выехал с 22 комнаты
Клиент 23 завершил 1 суток проживания из 1
Клиент 23 выехал с 23 комнаты
Клиент 24 завершил 1 суток проживания из 1
Клиент 24 выехал с 24 комнаты
Клиент 25 завершил 1 суток проживания из 1
Клиент 25 выехал с 25 комнаты
Клиент 26 завершил 1 суток проживания из 1
Клиент 26 выехал с 26 комнаты
Клиент 27 завершил 1 суток проживания из 1
Клиент 27 выехал с 27 комнаты
Клиент 28 завершил 1 суток проживания из 1
Клиент 28 выехал с 28 комнаты
Клиент 29 завершил 1 суток проживания из 1
Клиент 29 выехал с 29 комнаты
Клиент 30 завершил 1 суток проживания из 1
Клиент 30 выехал с 30 комнаты
Клиент 31 завершил 1 суток проживания из 1
Клиент 31 выехал с 31 комнаты
Клиент 32 завершил 1 суток проживания из 1
Клиент 32 выехал с 32 комнаты
Клиент 33 завершил 1 суток проживания из 1
Клиент 33 выехал с 33 комнаты
Клиент 34 завершил 1 суток проживания из 1
Клиент 34 выехал с 34 комнаты
Клиент 35 завершил 1 суток проживания из 1
Клиент 35 выехал с 35 комнаты
Клиент 36 завершил 1 суток проживания из 1
Клиент 36 выехал с 36 комнаты
Клиент 37 завершил 1 суток проживания из 1
Клиент 37 выехал с 37 комнаты
Клиент 38 завершил 1 суток проживания из 1
Клиент 38 выехал с 38 комнаты
Клиент 39 завершил 1 суток проживания из 1
Клиент 39 выехал с 39 комнаты
Клиент 40 завершил 1 суток проживания из 1
Клиент 40 выехал с 40 комнаты
Клиент 41 завершил 1 суток проживания из 1
Клиент 41 выехал с 41 комнаты
Клиент 42 завершил 1 суток проживания из 1
Клиент 42 выехал с 42 комнаты
Клиент 43 завершил 1 суток проживания из 1
Клиент 43 выехал с 43 комнаты
Клиент 44 завершил 1 суток проживания из 1
Клиент 44 выехал с 44 комнаты
Клиент 45 завершил 1 суток проживания из 1
Клиент 45 выехал с 45 комнаты
Клиент 46 завершил 1 суток проживания из 1
Клиент 46 выехал с 46 комнаты
Клиент 47 завершил 1 суток проживания из 1
Клиент 47 выехал с 47 комнаты
Клиент 48 завершил 1 суток проживания из 1
Клиент 48 выехал с 48 комнаты
Клиент 49 завершил 1 суток проживания из 1
Клиент 49 выехал с 49 комнаты
Клиент 50 завершил 1 суток проживания из 1
Клиент 50 выехал с 50 комнаты
Клиент 51 завершил 1 суток проживания из 1
Клиент 51 выехал с 51 комнаты
Клиент 52 завершил 1 суток проживания из 1
Клиент 52 выехал с 52 комнаты
Клиент 53 завершил 1 суток проживания из 1
Клиент 53 выехал с 53 комнаты
Клиент 54 завершил 1 суток проживания из 1
Клиент 54 выехал с 54 комнаты
Клиент 55 завершил 1 суток проживания из 1
Клиент 55 выехал с 55 комнаты
Клиент 56 завершил 1 суток проживания из 1
Клиент 56 выехал с 56 комнаты
Клиент 57 завершил 1 суток проживания из 1
Клиент 57 выехал с 57 комнаты
Клиент 58 завершил 1 суток проживания из 1
Клиент 58 выехал с 58 комнаты
Клиент 59 завершил 1 суток проживания из 1
Клиент 59 выехал с 59 комнаты
Клиент 60 завершил 1 суток проживания из 1
Клиент 60 выехал с 60 комнаты
Клиент 61 завершил 1 суток проживания из 1
Клиент 61 выехал с 61 комнаты
Клиент 62 завершил 1 суток проживания из 1
Клиент 62 выехал с 62 комнаты
Клиент 63 завершил 1 суток проживания из 1
Клиент 63 выехал с 63 комнаты
Клиент 64 завершил 1 суток проживания из 1
Клиент 64 выехал с 64 комнаты
Клиент 65 завершил 1 суток проживания из 1
Клиент 65 выехал с 65 комнаты
Клиент 66 завершил 1 суток проживания из 1
Клиент 66 выехал с 66 комнаты
Клиент 67 завершил 1 суток проживания из 1
Клиент 67 выехал с 67 комнаты
Клиент 68 завершил 1 суток проживания из 1
Клиент 68 выехал с 68 комнаты
Клиент 69 завершил 1 суток проживания из 1
Клиент 69 выехал с 69 комнаты
Клиент 70 завершил 1 суток проживания из 1
Клиент 70 выехал с 70 комнаты
Клиент 71 завершил 1 суток проживания из 1
Клиент 71 выехал с 71 комнаты
Клиент 72 завершил 1 суток проживания из 1
Клиент 72 выехал с 72 комнаты
Клиент 73 завершил 1 суток проживания из 1
Клиент 73 выехал с 73 комнаты
Клиент 74 завершил 1 суток проживания из 1
Клиент 74 выехал с 74 комнаты
Клиент 75 завершил 1 суток проживания из 1
Клиент 75 выехал с 75 комнаты
Клиент 76 завершил 1 суток проживания из 1
Клиент 76 выехал с 76 комнаты
Клиент 77 завершил 1 суток проживания из 1
Клиент 77 выехал с 77 комнаты
Клиент 78 завершил 1 суток проживания из 1
Клиент 78 выехал с 78 комнаты
Клиент 79 завершил 1 суток проживания из 1
Клиент 79 выехал с 79 комнаты
Клиент 80 завершил 1 суток проживания из 1
Клиент 80 выехал с 80 комнаты
Клиент 81 завершил 1 суток проживания из 1
Клиент 81 выехал с 81 комнаты
Клиент 82 завершил 1 суток проживания из 1
Клиент 82 выехал с 82 комнаты
Клиент 83 завершил 1 суток проживания из 1
Клиент 83 выехал с 83 комнаты
Клиент 84 завершил 1 суток проживания из 1
Клиент 84 выехал с 84 комнаты
Клиент 85 завершил 1 суток проживания из 1
Клиент 85 выехал с 85 комнаты
Клиент 86 завершил 1 суток проживания из 1
Клиент 86 выехал с 86 комнаты
Клиент 87 завершил 1 суток проживания из 1
Клиент 87 выехал с 87 комнаты
Клиент 88 завершил 1 суток проживания из 1
Клиент 88 выехал с 88 комнаты
Клиент 89 завершил 1 суток проживания из 1
Клиент 89 выехал с 89 комнаты
Клиент 90 завершил 1 суток проживания из 1
Клиент 90 выехал с 90 комнаты
Клиент 91 завершил 1 суток проживания из 1
Клиент 91 выехал с 91 комнаты
Клиент 92 завершил 1 суток проживания из 1
Клиент 92 выехал с 92 комнаты
Клиент 93 завершил 1 суток проживания из 1
Клиент 93 выехал с 93 комнаты
Клиент 94 завершил 1 суток проживания из 1
Клиент 94 выехал с 94 комнаты
Клиент 95 завершил 1 суток проживания из 1
Клиент 95 выехал с 95 комнаты
Клиент 96 завершил 1 суток проживания из 1
Клиент 96 выехал с 96 комнаты
Клиент 97 завершил 1 суток проживания из 1
Клиент 97 выехал с 97 комнаты
Клиент 98 завершил 1 суток проживания из 1
Клиент 98 выехал с 98 комнаты
Клиент 99 завершил 1 суток проживания из 1
Клиент 99 выехал с 99 комнаты
Клиент 100 завершил 1 суток проживания из 1
Клиент 100 выехал с 100 комнаты

Моделирование завершено на сутках: 1
Всего приняли клиентов: 100
Не успели принять клиентов: 0
