Вводите каждое число с новой строки.
Номеров и клиентов: от 1 до 100. Время: от 1 до 10000 суток.
Количество номеров: Количество клиентов: Минимальный интервал прибытия: Максимальный интервал прибытия: Момент прекращения приёма: Задержка между условными сутками: Срок проживания: Срок проживания: Срок проживания: Срок проживания: Срок проживания: Срок проживания: Срок проживания: Срок проживания: Срок проживания: Срок проживания: Срок проживания: Срок проживания: Срок проживания: Срок проживания: Срок проживания: Срок проживания: Срок проживания: Срок проживания: Срок проживания: Срок проживания: Срок проживания: Срок проживания: Срок проживания: Срок проживания: Срок проживания: Срок проживания: Срок проживания: Срок проживания: Срок проживания: Срок проживания: Срок проживания: Срок проживания: Срок проживания: Срок проживания: Срок проживания: Срок проживания: Срок проживания: Срок проживания: Срок проживания: Срок проживания: Срок проживания: Срок проживания: Срок проживания: Срок проживания: Срок проживания: Срок проживания: Срок проживания: Срок проживания: Срок проживания: Срок проживания: Срок проживания: Срок проживания: Срок проживания: Срок проживания: Срок проживания: Срок проживания: Срок проживания: Срок проживания: Срок проживания: Срок проживания: Срок проживания: Срок проживания: Срок проживания: Срок проживания: Срок проживания: Срок проживания: Срок проживания: Срок проживания: Срок проживания: Срок проживания: Срок проживания: Срок проживания: Срок проживания: Срок проживания: Срок проживания: Срок проживания: Срок проживания: Срок проживания: Срок проживания: Срок проживания: Срок проживания: Срок проживания: Срок проживания: Срок проживания: Срок проживания: Срок проживания: Срок проживания: Срок проживания: Срок проживания: Срок проживания: Срок проживания: Срок проживания: Срок проживания: Срок проживания: Срок проживания: Срок проживания: Срок проживания: Срок проживания: Срок проживания: Срок проживания: 
Сутки 0
Прибыл клиент 1 и запрашивает номер на 1 суток.
Администратор заселил гостя №1 в номер 1 на 1 суток.
Прибыл клиент 2 и запрашивает номер на 1 суток.
Клиент №2 ожидает заселения в очереди
Прибыл клиент 3 и запрашивает номер на 1 суток.
Клиент №3 ожидает заселения в очереди
Прибыл клиент 4 и запрашивает номер на 1 суток.
Клиент №4 ожидает заселения в очереди
Прибыл клиент 5 и запрашивает номер на 1 суток.
Клиент №5 ожидает заселения в очереди
Прибыл клиент 6 и запрашивает номер на 1 суток.
Клиент №6 ожидает заселения в очереди
Прибыл клиент 7 и запрашивает номер на 1 суток.
Клиент №7 ожидает заселения в очереди
Прибыл клиент 8 и запрашивает номер на 1 суток.
Клиент №8 ожидает заселения в очереди
Прибыл клиент 9 и запрашивает номер на 1 суток.
Клиент №9 ожидает заселения в очереди
Прибыл клиент 10 и запрашивает номер на 1 суток.
Клиент №10 ожидает заселения в очереди
Прибыл клиент 11 и запрашивает номер на 1 суток.
Клиент №11 ожидает заселения в очереди
Прибыл клиент 12 и запрашивает номер на 1 суток.
Клиент №12 ожидает заселения в очереди
Прибыл клиент 13 и запрашивает номер на 1 суток.
Клиент №13 ожидает заселения в очереди
Прибыл клиент 14 и запрашивает номер на 1 суток.
Клиент №14 ожидает заселения в очереди
Прибыл клиент 15 и запрашивает номер на 1 суток.
Клиент №15 ожидает заселения в очереди
Прибыл клиент 16 и запрашивает номер на 1 суток.
Клиент №16 ожидает заселения в очереди
Прибыл клиент 17 и запрашивает номер на 1 суток.
Клиент №17 ожидает заселения в очереди
Прибыл клиент 18 и запрашивает номер на 1 суток.
Клиент №18 ожидает заселения в очереди
Прибыл клиент 19 и запрашивает номер на 1 суток.
Клиент №19 ожидает заселения в очереди
Прибыл клиент 20 и запрашивает номер на 1 суток.
Клиент №20 ожидает заселения в очереди
Прибыл клиент 21 и запрашивает номер на 1 суток.
Клиент №21 ожидает заселения в очереди
Прибыл клиент 22 и запрашивает номер на 1 суток.
Клиент №22 ожидает заселения в очереди
Прибыл клиент 23 и запрашивает номер на 1 суток.
Клиент №23 ожидает заселения в очереди
Прибыл клиент 24 и запрашивает номер на 1 суток.
Клиент №24 ожидает заселения в очереди
Прибыл клиент 25 и запрашивает номер на 1 суток.
Клиент №25 ожидает заселения в очереди
Прибыл клиент 26 и запрашивает номер на 1 суток.
Клиент №26 ожидает заселения в очереди
Прибыл клиент 27 и запрашивает номер на 1 суток.
Клиент №27 ожидает заселения в очереди
Прибыл клиент 28 и запрашивает номер на 1 суток.
Клиент №28 ожидает заселения в очереди
Прибыл клиент 29 и запрашивает номер на 1 суток.
Клиент №29 ожидает заселения в очереди
Прибыл клиент 30 и запрашивает номер на 1 суток.
Клиент №30 ожидает заселения в очереди
Прибыл клиент 31 и запрашивает номер на 1 суток.
Клиент №31 ожидает заселения в очереди
Прибыл клиент 32 и запрашивает номер на 1 суток.
Клиент №32 ожидает заселения в очереди
Прибыл клиент 33 и запрашивает номер на 1 суток.
Клиент №33 ожидает заселения в очереди
Прибыл клиент 34 и запрашивает номер на 1 суток.
Клиент №34 ожидает заселения в очереди
Прибыл клиент 35 и запрашивает номер на 1 суток.
Клиент №35 ожидает заселения в очереди
Прибыл клиент 36 и запрашивает номер на 1 суток.
Клиент №36 ожидает заселения в очереди
Прибыл клиент 37 и запрашивает номер на 1 суток.
Клиент №37 ожидает заселения в очереди
Прибыл клиент 38 и запрашивает номер на 1 суток.
Клиент №38 ожидает заселения в очереди
Прибыл клиент 39 и запрашивает номер на 1 суток.
Клиент №39 ожидает заселения в очереди
Прибыл клиент 40 и запрашивает номер на 1 суток.
Клиент №40 ожидает заселения в очереди
Прибыл клиент 41 и запрашивает номер на 1 суток.
Клиент №41 ожидает заселения в очереди
Прибыл клиент 42 и запрашивает номер на 1 суток.
Клиент №42 ожидает заселения в очереди
Прибыл клиент 43 и запрашивает номер на 1 суток.
Клиент №43 ожидает заселения в очереди
Прибыл клиент 44 и запрашивает номер на 1 суток.
Клиент №44 ожидает заселения в очереди
Прибыл клиент 45 и запрашивает номер на 1 суток.
Клиент №45 ожидает заселения в очереди
Прибыл клиент 46 и запрашивает номер на 1 суток.
Клиент №46 ожидает заселения в очереди
Прибыл клиент 47 и запрашивает номер на 1 суток.
Клиент №47 ожидает заселения в очереди
Прибыл клиент 48 и запрашивает номер на 1 суток.
Клиент №48 ожидает заселения в очереди
Прибыл клиент 49 и запрашивает номер на 1 суток.
Клиент №49 ожидает заселения в очереди
Прибыл клиент 50 и запрашивает номер на 1 суток.
Клиент №50 ожидает заселения в очереди
Прибыл клиент 51 и запрашивает номер на 1 суток.
Клиент №51 ожидает заселения в очереди
Прибыл клиент 52 и запрашивает номер на 1 суток.
Клиент №52 ожидает заселения в очереди
Прибыл клиент 53 и запрашивает номер на 1 суток.
Клиент №53 ожидает заселения в очереди
Прибыл клиент 54 и запрашивает номер на 1 суток.
Клиент №54 ожидает заселения в очереди
Прибыл клиент 55 и запрашивает номер на 1 суток.
Клиент №55 ожидает заселения в очереди
Прибыл клиент 56 и запрашивает номер на 1 суток.
Клиент №56 ожидает заселения в очереди
Прибыл клиент 57 и запрашивает номер на 1 суток.
Клиент №57 ожидает заселения в очереди
Прибыл клиент 58 и запрашивает номер на 1 суток.
Клиент №58 ожидает заселения в очереди
Прибыл клиент 59 и запрашивает номер на 1 суток.
Клиент №59 ожидает заселения в очереди
Прибыл клиент 60 и запрашивает номер на 1 суток.
Клиент №60 ожидает заселения в очереди
Прибыл клиент 61 и запрашивает номер на 1 суток.
Клиент №61 ожидает заселения в очереди
Прибыл клиент 62 и запрашивает номер на 1 суток.
Клиент №62 ожидает заселения в очереди
Прибыл клиент 63 и запрашивает номер на 1 суток.
Клиент №63 ожидает заселения в очереди
Прибыл клиент 64 и запрашивает номер на 1 суток.
Клиент №64 ожидает заселения в очереди
Прибыл клиент 65 и запрашивает номер на 1 суток.
Клиент №65 ожидает заселения в очереди
Прибыл клиент 66 и запрашивает номер на 1 суток.
Клиент №66 ожидает заселения в очереди
Прибыл клиент 67 и запрашивает номер на 1 суток.
Клиент №67 ожидает заселения в очереди
Прибыл клиент 68 и запрашивает номер на 1 суток.
Клиент №68 ожидает заселения в очереди
Прибыл клиент 69 и запрашивает номер на 1 суток.
Клиент №69 ожидает заселения в очереди
Прибыл клиент 70 и запрашивает номер на 1 суток.
Клиент №70 ожидает заселения в очереди
Прибыл клиент 71 и запрашивает номер на 1 суток.
Клиент №71 ожидает заселения в очереди
Прибыл клиент 72 и запрашивает номер на 1 суток.
Клиент №72 ожидает заселения в очереди
Прибыл клиент 73 и запрашивает номер на 1 суток.
Клиент №73 ожидает заселения в очереди
Прибыл клиент 74 и запрашивает номер на 1 суток.
Клиент №74 ожидает заселения в очереди
Прибыл клиент 75 и запрашивает номер на 1 суток.
Клиент №75 ожидает заселения в очереди
Прибыл клиент 76 и запрашивает номер на 1 суток.
Клиент №76 ожидает заселения в очереди
Прибыл клиент 77 и запрашивает номер на 1 суток.
Клиент №77 ожидает заселения в очереди
Прибыл клиент 78 и запрашивает номер на 1 суток.
Клиент №78 ожидает заселения в очереди
Прибыл клиент 79 и запрашивает номер на 1 суток.
Клиент №79 ожидает заселения в очереди
Прибыл клиент 80 и запрашивает номер на 1 суток.
Клиент №80 ожидает заселения в очереди
Прибыл клиент 81 и запрашивает номер на 1 суток.
Клиент №81 ожидает заселения в очереди
Прибыл клиент 82 и запрашивает номер на 1 суток.
Клиент №82 ожидает заселения в очереди
Прибыл клиент 83 и запрашивает номер на 1 суток.
Клиент №83 ожидает заселения в очереди
Прибыл клиент 84 и запрашивает номер на 1 суток.
Клиент №84 ожидает заселения в очереди
Прибыл клиент 85 и запрашивает номер на 1 суток.
Клиент №85 ожидает заселения в очереди
Прибыл клиент 86 и запрашивает номер на 1 суток.
Клиент №86 ожидает заселения в очереди
Прибыл клиент 87 и запрашивает номер на 1 суток.
Клиент №87 ожидает заселения в очереди
Прибыл клиент 88 и запрашивает номер на 1 суток.
Клиент №88 ожидает заселения в очереди
Прибыл клиент 89 и запрашивает номер на 1 суток.
Клиент №89 ожидает заселения в очереди
Прибыл клиент 90 и запрашивает номер на 1 суток.
Клиент №90 ожидает заселения в очереди
Прибыл клиент 91 и запрашивает номер на 1 суток.
Клиент №91 ожидает заселения в очереди
Прибыл клиент 92 и запрашивает номер на 1 суток.
Клиент №92 ожидает заселения в очереди
Прибыл клиент 93 и запрашивает номер на 1 суток.
Клиент №93 ожидает заселения в очереди
Прибыл клиент 94 и запрашивает номер на 1 суток.
Клиент №94 ожидает заселения в очереди
Прибыл клиент 95 и запрашивает номер на 1 суток.
Клиент №95 ожидает заселения в очереди
Прибыл клиент 96 и запрашивает номер на 1 суток.
Клиент №96 ожидает заселения в очереди
Прибыл клиент 97 и запрашивает номер на 1 суток.
Клиент №97 ожидает заселения в очереди
Прибыл клиент 98 и запрашивает номер на 1 суток.
Клиент №98 ожидает заселения в очереди
Прибыл клиент 99 и запрашивает номер на 1 суток.
Клиент №99 ожидает заселения в очереди
Прибыл клиент 100 и запрашивает номер на 1 суток.
Клиент №100 ожидает заселения в очереди

Сутки 1
Клиент 1 завершил 1 суток проживания из 1
Клиент 1 выехал с 1 комнаты
Администратор заселил гостя №2 в номер 1 на 1 суток.
Заселили клиента 2 из очереди в номер 1

Сутки 2
Клиент 2 завершил 1 суток проживания из 1
Клиент 2 выехал с 1 комнаты
Администратор заселил гостя №3 в номер 1 на 1 суток.
Заселили клиента 3 из очереди в номер 1

Сутки 3
Клиент 3 завершил 1 суток проживания из 1
Клиент 3 выехал с 1 комнаты
Администратор заселил гостя №4 в номер 1 на 1 суток.
Заселили клиента 4 из очереди в номер 1

Сутки 4
Клиент 4 завершил 1 суток проживания из 1
Клиент 4 выехал с 1 комнаты
Администратор заселил гостя №5 в номер 1 на 1 суток.
Заселили клиента 5 из очереди в номер 1

Сутки 5
Клиент 5 завершил 1 суток проживания из 1
Клиент 5 выехал с 1 комнаты
Администратор заселил гостя №6 в номер 1 на 1 суток.
Заселили клиента 6 из очереди в номер 1

Сутки 6
Клиент 6 завершил 1 суток проживания из 1
Клиент 6 выехал с 1 комнаты
Администратор заселил гостя №7 в номер 1 на 1 суток.
Заселили клиента 7 из очереди в номер 1

Сутки 7
Клиент 7 завершил 1 суток проживания из 1
Клиент 7 выехал с 1 комнаты
Администратор заселил гостя №8 в номер 1 на 1 суток.
Заселили клиента 8 из очереди в номер 1

Сутки 8
Клиент 8 завершил 1 суток проживания из 1
Клиент 8 выехал с 1 комнаты
Администратор заселил гостя №9 в номер 1 на 1 суток.
Заселили клиента 9 из очереди в номер 1

Сутки 9
Клиент 9 завершил 1 суток проживания из 1
Клиент 9 выехал с 1 комнаты
Администратор заселил гостя №10 в номер 1 на 1 суток.
Заселили клиента 10 из очереди в номер 1

Сутки 10
Клиент 10 завершил 1 суток проживания из 1
Клиент 10 выехал с 1 комнаты
Администратор заселил гостя №11 в номер 1 на 1 суток.
Заселили клиента 11 из очереди в номер 1

Сутки 11
Клиент 11 завершил 1 суток проживания из 1
Клиент 11 выехал с 1 комнаты
Администратор заселил гостя №12 в номер 1 на 1 суток.
Заселили клиента 12 из очереди в номер 1

Сутки 12
Клиент 12 завершил 1 суток проживания из 1
Клиент 12 выехал с 1 комнаты
Администратор заселил гостя №13 в номер 1 на 1 суток.
Заселили клиента 13 из очереди в номер 1

Сутки 13
Клиент 13 завершил 1 суток проживания из 1
Клиент 13 выехал с 1 комнаты
Администратор заселил гостя №14 в номер 1 на 1 суток.
Заселили клиента 14 из очереди в номер 1

Сутки 14
Клиент 14 завершил 1 суток проживания из 1
Клиент 14 выехал с 1 комнаты
Администратор заселил гостя №15 в номер 1 на 1 суток.
Заселили клиента 15 из очереди в номер 1

Сутки 15
Клиент 15 завершил 1 суток проживания из 1
Клиент 15 выехал с 1 комнаты
Администратор заселил гостя №16 в номер 1 на 1 суток.
Заселили клиента 16 из очереди в номер 1

Сутки 16
Клиент 16 завершил 1 суток проживания из 1
Клиент 16 выехал с 1 комнаты
Администратор заселил гостя №17 в номер 1 на 1 суток.
Заселили клиента 17 из очереди в номер 1

Сутки 17
Клиент 17 завершил 1 суток проживания из 1
Клиент 17 выехал с 1 комнаты
Администратор заселил гостя №18 в номер 1 на 1 суток.
Заселили клиента 18 из очереди в номер 1

Сутки 18
Клиент 18 завершил 1 суток проживания из 1
Клиент 18 выехал с 1 комнаты
Администратор заселил гостя №19 в номер 1 на 1 суток.
Заселили клиента 19 из очереди в номер 1

Сутки 19
Клиент 19 завершил 1 суток проживания из 1
Клиент 19 выехал с 1 комнаты
Администратор заселил гостя №20 в номер 1 на 1 суток.
Заселили клиента 20 из очереди в номер 1

Сутки 20
Клиент 20 завершил 1 суток проживания из 1
Клиент 20 выехал с 1 комнаты
Администратор заселил гостя №21 в номер 1 на 1 суток.
Заселили клиента 21 из очереди в номер 1

Сутки 21
Клиент 21 завершил 1 суток проживания из 1
Клиент 21 выехал с 1 комнаты
Администратор заселил гостя №22 в номер 1 на 1 суток.
Заселили клиента 22 из очереди в номер 1

Сутки 22
Клиент 22 завершил 1 суток проживания из 1
Клиент 22 выехал с 1 комнаты
Администратор заселил гостя №23 в номер 1 на 1 суток.
Заселили клиента 23 из очереди в номер 1

Сутки 23
Клиент 23 завершил 1 суток проживания из 1
Клиент 23 выехал с 1 комнаты
Администратор заселил гостя №24 в номер 1 на 1 суток.
Заселили клиента 24 из очереди в номер 1

Сутки 24
Клиент 24 завершил 1 суток проживания из 1
Клиент 24 выехал с 1 комнаты
Администратор заселил гостя №25 в номер 1 на 1 суток.
Заселили клиента 25 из очереди в номер 1

Сутки 25
Клиент 25 завершил 1 суток проживания из 1
Клиент 25 выехал с 1 комнаты
Администратор заселил гостя №26 в номер 1 на 1 суток.
Заселили клиента 26 из очереди в номер 1

Сутки 26
Клиент 26 завершил 1 суток проживания из 1
Клиент 26 выехал с 1 комнаты
Администратор заселил гостя №27 в номер 1 на 1 суток.
Заселили клиента 27 из очереди в номер 1

Сутки 27
Клиент 27 завершил 1 суток проживания из 1
Клиент 27 выехал с 1 комнаты
Администратор заселил гостя №28 в номер 1 на 1 суток.
Заселили клиента 28 из очереди в номер 1

Сутки 28
Клиент 28 завершил 1 суток проживания из 1
Клиент 28 выехал с 1 комнаты
Администратор заселил гостя №29 в номер 1 на 1 суток.
Заселили клиента 29 из очереди в номер 1

Сутки 29
Клиент 29 завершил 1 суток проживания из 1
Клиент 29 выехал с 1 комнаты
Администратор заселил гостя №30 в номер 1 на 1 суток.
Заселили клиента 30 из очереди в номер 1

Сутки 30
Клиент 30 завершил 1 суток проживания из 1
Клиент 30 выехал с 1 комнаты
Администратор заселил гостя №31 в номер 1 на 1 суток.
Заселили клиента 31 из очереди в номер 1

Сутки 31
Клиент 31 завершил 1 суток проживания из 1
Клиент 31 выехал с 1 комнаты
Администратор заселил гостя №32 в номер 1 на 1 суток.
Заселили клиента 32 из очереди в номер 1

Сутки 32
Клиент 32 завершил 1 суток проживания из 1
Клиент 32 выехал с 1 комнаты
Администратор заселил гостя №33 в номер 1 на 1 суток.
Заселили клиента 33 из очереди в номер 1

Сутки 33
Клиент 33 завершил 1 суток проживания из 1
Клиент 33 выехал с 1 комнаты
Администратор заселил гостя №34 в номер 1 на 1 суток.
Заселили клиента 34 из очереди в номер 1

Сутки 34
Клиент 34 завершил 1 суток проживания из 1
Клиент 34 выехал с 1 комнаты
Администратор заселил гостя №35 в номер 1 на 1 суток.
Заселили клиента 35 из очереди в номер 1

Сутки 35
Клиент 35 завершил 1 суток проживания из 1
Клиент 35 выехал с 1 комнаты
Администратор заселил гостя №36 в номер 1 на 1 суток.
Заселили клиента 36 из очереди в номер 1

Сутки 36
Клиент 36 завершил 1 суток проживания из 1
Клиент 36 выехал с 1 комнаты
Администратор заселил гостя №37 в номер 1 на 1 суток.
Заселили клиента 37 из очереди в номер 1

Сутки 37
Клиент 37 завершил 1 суток проживания из 1
Клиент 37 выехал с 1 комнаты
Администратор заселил гостя №38 в номер 1 на 1 суток.
Заселили клиента 38 из очереди в номер 1

Сутки 38
Клиент 38 завершил 1 суток проживания из 1
Клиент 38 выехал с 1 комнаты
Администратор заселил гостя №39 в номер 1 на 1 суток.
Заселили клиента 39 из очереди в номер 1

Сутки 39
Клиент 39 завершил 1 суток проживания из 1
Клиент 39 выехал с 1 комнаты
Администратор заселил гостя №40 в номер 1 на 1 суток.
Заселили клиента 40 из очереди в номер 1

Сутки 40
Клиент 40 завершил 1 суток проживания из 1
Клиент 40 выехал с 1 комнаты
Администратор заселил гостя №41 в номер 1 на 1 суток.
Заселили клиента 41 из очереди в номер 1

Сутки 41
Клиент 41 завершил 1 суток проживания из 1
Клиент 41 выехал с 1 комнаты
Администратор заселил гостя №42 в номер 1 на 1 суток.
Заселили клиента 42 из очереди в номер 1

Сутки 42
Клиент 42 завершил 1 суток проживания из 1
Клиент 42 выехал с 1 комнаты
Администратор заселил гостя №43 в номер 1 на 1 суток.
Заселили клиента 43 из очереди в номер 1

Сутки 43
Клиент 43 завершил 1 суток проживания из 1
Клиент 43 выехал с 1 комнаты
Администратор заселил гостя №44 в номер 1 на 1 суток.
Заселили клиента 44 из очереди в номер 1

Сутки 44
Клиент 44 завершил 1 суток проживания из 1
Клиент 44 выехал с 1 комнаты
Администратор заселил гостя №45 в номер 1 на 1 суток.
Заселили клиента 45 из очереди в номер 1

Сутки 45
Клиент 45 завершил 1 суток проживания из 1
Клиент 45 выехал с 1 комнаты
Администратор заселил гостя №46 в номер 1 на 1 суток.
Заселили клиента 46 из очереди в номер 1

Сутки 46
Клиент 46 завершил 1 суток проживания из 1
Клиент 46 выехал с 1 комнаты
Администратор заселил гостя №47 в номер 1 на 1 суток.
Заселили клиента 47 из очереди в номер 1

Сутки 47
Клиент 47 завершил 1 суток проживания из 1
Клиент 47 выехал с 1 комнаты
Администратор заселил гостя №48 в номер 1 на 1 суток.
Заселили клиента 48 из очереди в номер 1

Сутки 48
Клиент 48 завершил 1 суток проживания из 1
Клиент 48 выехал с 1 комнаты
Администратор заселил гостя №49 в номер 1 на 1 суток.
Заселили клиента 49 из очереди в номер 1

Сутки 49
Клиент 49 завершил 1 суток проживания из 1
Клиент 49 выехал с 1 комнаты
Администратор заселил гостя №50 в номер 1 на 1 суток.
Заселили клиента 50 из очереди в номер 1

Сутки 50
Клиент 50 завершил 1 суток проживания из 1
Клиент 50 выехал с 1 комнаты
Администратор заселил гостя №51 в номер 1 на 1 суток.
Заселили клиента 51 из очереди в номер 1

Сутки 51
Клиент 51 завершил 1 суток проживания из 1
Клиент 51 выехал с 1 комнаты
Администратор заселил гостя №52 в номер 1 на 1 суток.
Заселили клиента 52 из очереди в номер 1

Сутки 52
Клиент 52 завершил 1 суток проживания из 1
Клиент 52 выехал с 1 комнаты
Администратор заселил гостя №53 в номер 1 на 1 суток.
Заселили клиента 53 из очереди в номер 1

Сутки 53
Клиент 53 завершил 1 суток проживания из 1
Клиент 53 выехал с 1 комнаты
Администратор заселил гостя №54 в номер 1 на 1 суток.
Заселили клиента 54 из очереди в номер 1

Сутки 54
Клиент 54 завершил 1 суток проживания из 1
Клиент 54 выехал с 1 комнаты
Администратор заселил гостя №55 в номер 1 на 1 суток.
Заселили клиента 55 из очереди в номер 1

Сутки 55
Клиент 55 завершил 1 суток проживания из 1
Клиент 55 выехал с 1 комнаты
Администратор заселил гостя №56 в номер 1 на 1 суток.
Заселили клиента 56 из очереди в номер 1

Сутки 56
Клиент 56 завершил 1 суток проживания из 1
Клиент 56 выехал с 1 комнаты
Администратор заселил гостя №57 в номер 1 на 1 суток.
Заселили клиента 57 из очереди в номер 1

Сутки 57
Клиент 57 завершил 1 суток проживания из 1
Клиент 57 выехал с 1 комнаты
Администратор заселил гостя №58 в номер 1 на 1 суток.
Заселили клиента 58 из очереди в номер 1

Сутки 58
Клиент 58 завершил 1 суток проживания из 1
Клиент 58 выехал с 1 комнаты
Администратор заселил гостя №59 в номер 1 на 1 суток.
Заселили клиента 59 из очереди в номер 1

Сутки 59
Клиент 59 завершил 1 суток проживания из 1
Клиент 59 выехал с 1 комнаты
Администратор заселил гостя №60 в номер 1 на 1 суток.
Заселили клиента 60 из очереди в номер 1

Сутки 60
Клиент 60 завершил 1 суток проживания из 1
Клиент 60 выехал с 1 комнаты
Администратор заселил гостя №61 в номер 1 на 1 суток.
Заселили клиента 61 из очереди в номер 1

Сутки 61
Клиент 61 завершил 1 суток проживания из 1
Клиент 61 выехал с 1 комнаты
Администратор заселил гостя №62 в номер 1 на 1 суток.
Заселили клиента 62 из очереди в номер 1

Сутки 62
Клиент 62 завершил 1 суток проживания из 1
Клиент 62 выехал с 1 комнаты
Администратор заселил гостя №63 в номер 1 на 1 суток.
Заселили клиента 63 из очереди в номер 1

Сутки 63
Клиент 63 завершил 1 суток проживания из 1
Клиент 63 выехал с 1 комнаты
Администратор заселил гостя №64 в номер 1 на 1 суток.
Заселили клиента 64 из очереди в номер 1

Сутки 64
Клиент 64 завершил 1 суток проживания из 1
Клиент 64 выехал с 1 комнаты
Администратор заселил гостя №65 в номер 1 на 1 суток.
Заселили клиента 65 из очереди в номер 1

Сутки 65
Клиент 65 завершил 1 суток проживания из 1
Клиент 65 выехал с 1 комнаты
Администратор заселил гостя №66 в номер 1 на 1 суток.
Заселили клиента 66 из очереди в номер 1

Сутки 66
Клиент 66 завершил 1 суток проживания из 1
Клиент 66 выехал с 1 комнаты
Администратор заселил гостя №67 в номер 1 на 1 суток.
Заселили клиента 67 из очереди в номер 1

Сутки 67
Клиент 67 завершил 1 суток проживания из 1
Клиент 67 выехал с 1 комнаты
Администратор заселил гостя №68 в номер 1 на 1 суток.
Заселили клиента 68 из очереди в номер 1

Сутки 68
Клиент 68 завершил 1 суток проживания из 1
Клиент 68 выехал с 1 комнаты
Администратор заселил гостя №69 в номер 1 на 1 суток.
Заселили клиента 69 из очереди в номер 1

Сутки 69
Клиент 69 завершил 1 суток проживания из 1
Клиент 69 выехал с 1 комнаты
Администратор заселил гостя №70 в номер 1 на 1 суток.
Заселили клиента 70 из очереди в номер 1

Сутки 70
Клиент 70 завершил 1 суток проживания из 1
Клиент 70 выехал с 1 комнаты
Администратор заселил гостя №71 в номер 1 на 1 суток.
Заселили клиента 71 из очереди в номер 1

Сутки 71
Клиент 71 завершил 1 суток проживания из 1
Клиент 71 выехал с 1 комнаты
Администратор заселил гостя №72 в номер 1 на 1 суток.
Заселили клиента 72 из очереди в номер 1

Сутки 72
Клиент 72 завершил 1 суток проживания из 1
Клиент 72 выехал с 1 комнаты
Администратор заселил гостя №73 в номер 1 на 1 суток.
Заселили клиента 73 из очереди в номер 1

Сутки 73
Клиент 73 завершил 1 суток проживания из 1
Клиент 73 выехал с 1 комнаты
Администратор заселил гостя №74 в номер 1 на 1 суток.
Заселили клиента 74 из очереди в номер 1

Сутки 74
Клиент 74 завершил 1 суток проживания из 1
Клиент 74 выехал с 1 комнаты
Администратор заселил гостя №75 в номер 1 на 1 суток.
Заселили клиента 75 из очереди в номер 1

Сутки 75
Клиент 75 завершил 1 суток проживания из 1
Клиент 75 выехал с 1 комнаты
Администратор заселил гостя №76 в номер 1 на 1 суток.
Заселили клиента 76 из очереди в номер 1

Сутки 76
Клиент 76 завершил 1 суток проживания из 1
Клиент 76 выехал с 1 комнаты
Администратор заселил гостя №77 в номер 1 на 1 суток.
Заселили клиента 77 из очереди в номер 1

Сутки 77
Клиент 77 завершил 1 суток проживания из 1
Клиент 77 выехал с 1 комнаты
Администратор заселил гостя №78 в номер 1 на 1 суток.
Заселили клиента 78 из очереди в номер 1

Сутки 78
Клиент 78 завершил 1 суток проживания из 1
Клиент 78 выехал с 1 комнаты
Администратор заселил гостя №79 в номер 1 на 1 суток.
Заселили клиента 79 из очереди в номер 1

Сутки 79
Клиент 79 завершил 1 суток проживания из 1
Клиент 79 выехал с 1 комнаты
Администратор заселил гостя №80 в номер 1 на 1 суток.
Заселили клиента 80 из очереди в номер 1

Сутки 80
Клиент 80 завершил 1 суток проживания из 1
Клиент 80 выехал с 1 комнаты
Администратор заселил гостя №81 в номер 1 на 1 суток.
Заселили клиента 81 из очереди в номер 1

Сутки 81
Клиент 81 завершил 1 суток проживания из 1
Клиент 81 выехал с 1 комнаты
Администратор заселил гостя №82 в номер 1 на 1 суток.
Заселили клиента 82 из очереди в номер 1

Сутки 82
Клиент 82 завершил 1 суток проживания из 1
Клиент 82 выехал с 1 комнаты
Администратор заселил гостя №83 в номер 1 на 1 суток.
Заселили клиента 83 из очереди в номер 1

Сутки 83
Клиент 83 завершил 1 суток проживания из 1
Клиент 83 выехал с 1 комнаты
Администратор заселил гостя №84 в номер 1 на 1 суток.
Заселили клиента 84 из очереди в номер 1

Сутки 84
Клиент 84 завершил 1 суток проживания из 1
Клиент 84 выехал с 1 комнаты
Администратор заселил гостя №85 в номер 1 на 1 суток.
Заселили клиента 85 из очереди в номер 1

Сутки 85
Клиент 85 завершил 1 суток проживания из 1
Клиент 85 выехал с 1 комнаты
Администратор заселил гостя №86 в номер 1 на 1 суток.
Заселили клиента 86 из очереди в номер 1

Сутки 86
Клиент 86 завершил 1 суток проживания из 1
Клиент 86 выехал с 1 комнаты
Администратор заселил гостя №87 в номер 1 на 1 суток.
Заселили клиента 87 из очереди в номер 1

Сутки 87
Клиент 87 завершил 1 суток проживания из 1
Клиент 87 выехал с 1 комнаты
Администратор заселил гостя №88 в номер 1 на 1 суток.
Заселили клиента 88 из очереди в номер 1

Сутки 88
Клиент 88 завершил 1 суток проживания из 1
Клиент 88 выехал с 1 комнаты
Администратор заселил гостя №89 в номер 1 на 1 суток.
Заселили клиента 89 из очереди в номер 1

Сутки 89
Клиент 89 завершил 1 суток проживания из 1
Клиент 89 выехал с 1 комнаты
Администратор заселил гостя №90 в номер 1 на 1 суток.
Заселили клиента 90 из очереди в номер 1

Сутки 90
Клиент 90 завершил 1 суток проживания из 1
Клиент 90 выехал с 1 комнаты
Администратор заселил гостя №91 в номер 1 на 1 суток.
Заселили клиента 91 из очереди в номер 1

Сутки 91
Клиент 91 завершил 1 суток проживания из 1
Клиент 91 выехал с 1 комнаты
Администратор заселил гостя №92 в номер 1 на 1 суток.
Заселили клиента 92 из очереди в номер 1

Сутки 92
Клиент 92 завершил 1 суток проживания из 1
Клиент 92 выехал с 1 комнаты
Администратор заселил гостя №93 в номер 1 на 1 суток.
Заселили клиента 93 из очереди в номер 1

Сутки 93
Клиент 93 завершил 1 суток проживания из 1
Клиент 93 выехал с 1 комнаты
Администратор заселил гостя №94 в номер 1 на 1 суток.
Заселили клиента 94 из очереди в номер 1

Сутки 94
Клиент 94 завершил 1 суток проживания из 1
Клиент 94 выехал с 1 комнаты
Администратор заселил гостя №95 в номер 1 на 1 суток.
Заселили клиента 95 из очереди в номер 1

Сутки 95
Клиент 95 завершил 1 суток проживания из 1
Клиент 95 выехал с 1 комнаты
Администратор заселил гостя №96 в номер 1 на 1 суток.
Заселили клиента 96 из очереди в номер 1

Сутки 96
Клиент 96 завершил 1 суток проживания из 1
Клиент 96 выехал с 1 комнаты
Администратор заселил гостя №97 в номер 1 на 1 суток.
Заселили клиента 97 из очереди в номер 1

Сутки 97
Клиент 97 завершил 1 суток проживания из 1
Клиент 97 выехал с 1 комнаты
Администратор заселил гостя №98 в номер 1 на 1 суток.
Заселили клиента 98 из очереди в номер 1

Сутки 98
Клиент 98 завершил 1 суток проживания из 1
Клиент 98 выехал с 1 комнаты
Администратор заселил гостя №99 в номер 1 на 1 суток.
Заселили клиента 99 из очереди в номер 1

Сутки 99
Клиент 99 завершил 1 суток проживания из 1
Клиент 99 выехал с 1 комнаты
Администратор заселил гостя №100 в номер 1 на 1 суток.
Заселили клиента 100 из очереди в номер 1

Сутки 100
Клиент 100 завершил 1 суток проживания из 1
Клиент 100 выехал с 1 комнаты

Моделирование завершено на сутках: 100
Всего приняли клиентов: 100
Не успели принять клиентов: 0
