Вводите каждое число с новой строки.
Номеров и клиентов: от 1 до 100. Время: от 1 до 10000 суток.
Количество номеров: Количество клиентов: Минимальный интервал прибытия: Максимальный интервал прибытия: Момент прекращения приёма: Задержка между условными сутками: Срок проживания: Срок проживания: Срок проживания: 
Сутки 0

Сутки 1
Прибыл клиент 1 и запрашивает номер на 2 суток.
Администратор заселил гостя №1 в номер 1 на 2 суток.

Сутки 2
Клиент 1 завершил 1 суток проживания из 2
Прибыл клиент 2 и запрашивает номер на 1 суток.
Клиент №2 ожидает заселения в очереди

Сутки 3
Клиент 1 завершил 2 суток проживания из 2
Клиент 1 выехал с 1 комнаты
Администратор заселил гостя №2 в номер 1 на 1 суток.
Заселили клиента 2 из очереди в номер 1
Прибыл клиент 3 и запрашивает номер на 1 суток.
Клиент №3 ожидает заселения в очереди

Сутки 4
Клиент 2 завершил 1 суток проживания из 1
Клиент 2 выехал с 1 комнаты
Администратор заселил гостя №3 в номер 1 на 1 суток.
Заселили клиента 3 из очереди в номер 1

Сутки 5
Клиент 3 завершил 1 суток проживания из 1
Клиент 3 выехал с 1 комнаты

Моделирование завершено на сутках: 5
Всего приняли клиентов: 3
Не успели принять клиентов: 0
